             VMA              LMA     Size Align Out     In      Symbol
             200              200       48     8 .dynsym
             200              200       48     8         <internal>:(.dynsym)
             248              248        6     2 .gnu.version
             248              248        6     2         <internal>:(.gnu.version)
             250              250       20     4 .gnu.version_r
             250              250       20     4         <internal>:(.gnu.version_r)
             270              270       20     8 .gnu.hash
             270              270       20     8         <internal>:(.gnu.hash)
             290              290       20     4 .hash
             290              290       20     4         <internal>:(.hash)
             2b0              2b0       42     1 .dynstr
             2b0              2b0       42     1         <internal>:(.dynstr)
             2f8              2f8       18     8 .rela.plt
             2f8              2f8       18     8         <internal>:(.rela.plt)
             310              310       22     1 .rodata
             310              310       22     1         <internal>:(.rodata.str1.1)
             338              338       44     8 .eh_frame
             338              338       40     1         /data/data/com.termux/files/home/pocket_pcr_studio/phase245_native_test/test.o:(.eh_frame+0x0)
           1037c            1037c       40     4 .text
           1037c            1037c       40     4         /data/data/com.termux/files/home/pocket_pcr_studio/phase245_native_test/test.o:(.text)
           1037c            1037c        0     1                 $x
           1037c            1037c       40     1                 JNI_OnLoad
           103c0            103c0       30    16 .plt
           103c0            103c0       30    16         <internal>:(.plt)
           203f0            203f0      110     8 .dynamic
           203f0            203f0      110     8         <internal>:(.dynamic)
           20500            20500      b00     1 .relro_padding
           20500            20500        0     1         <internal>:(.relro_padding)
           30500            30500       20     8 .got.plt
           30500            30500       20     8         <internal>:(.got.plt)
               0                0       29     1 .comment
               0                0       29     1         <internal>:(.comment)
               0                0       d8     8 .symtab
               0                0       d8     8         <internal>:(.symtab)
               0                0       a8     1 .shstrtab
               0                0       a8     1         <internal>:(.shstrtab)
               0                0       3c     1 .strtab
               0                0       3c     1         <internal>:(.strtab)
